
  .   ____          _            __ _ _
 /\\ / ___'_ __ _ _(_)_ __  __ _ \ \ \ \
( ( )\___ | '_ | '_| | '_ \/ _` | \ \ \ \
 \\/  ___)| |_)| | | | | || (_| |  ) ) ) )
  '  |____| .__|_| |_|_| |_\__, | / / / /
 =========|_|==============|___/=/_/_/_/

 :: Spring Boot ::               (v3.5.16)

2026-10-10T13:22:44.076+07:00  INFO 66864 --- [multigame] [           main] vn.edu.multigame.MultigameApplication    : Starting MultigameApplication v0.0.1-SNAPSHOT using Java 21.0.9 with PID 66864 (D:\BTL_LTM\target\multigame-0.0.1-SNAPSHOT.jar started by CodexSandboxOffline in D:\BTL_LTM)
2026-10-10T13:22:44.080+07:00  INFO 66864 --- [multigame] [           main] vn.edu.multigame.MultigameApplication    : No active profile set, falling back to 1 default profile: "mysql"
2026-10-10T13:22:45.004+07:00  INFO 66864 --- [multigame] [           main] .s.d.r.c.RepositoryConfigurationDelegate : Bootstrapping Spring Data JPA repositories in DEFAULT mode.
2026-10-10T13:22:45.085+07:00  INFO 66864 --- [multigame] [           main] .s.d.r.c.RepositoryConfigurationDelegate : Finished Spring Data repository scanning in 73 ms. Found 13 JPA repository interfaces.
2026-10-10T13:22:53.845+07:00  INFO 66864 --- [multigame] [           main] o.s.b.w.embedded.tomcat.TomcatWebServer  : Tomcat initialized with port 8087 (http)
2026-10-10T13:22:53.858+07:00  INFO 66864 --- [multigame] [           main] o.apache.catalina.core.StandardService   : Starting service [Tomcat]
2026-10-10T13:22:53.859+07:00  INFO 66864 --- [multigame] [           main] o.apache.catalina.core.StandardEngine    : Starting Servlet engine: [Apache Tomcat/10.1.55]
2026-10-10T13:22:53.881+07:00  INFO 66864 --- [multigame] [           main] o.a.c.c.C.[Tomcat].[localhost].[/]       : Initializing Spring embedded WebApplicationContext
2026-10-10T13:22:53.883+07:00  INFO 66864 --- [multigame] [           main] w.s.c.ServletWebServerApplicationContext : Root WebApplicationContext: initialization completed in 9746 ms
2026-10-10T13:22:54.251+07:00  INFO 66864 --- [multigame] [           main] com.zaxxer.hikari.HikariDataSource       : HikariPool-1 - Starting...
2026-10-10T13:22:54.786+07:00  INFO 66864 --- [multigame] [           main] com.zaxxer.hikari.pool.HikariPool        : HikariPool-1 - Added connection com.mysql.cj.jdbc.ConnectionImpl@8ac512e
2026-10-10T13:22:54.789+07:00  INFO 66864 --- [multigame] [           main] com.zaxxer.hikari.HikariDataSource       : HikariPool-1 - Start completed.
2026-10-10T13:22:54.868+07:00  INFO 66864 --- [multigame] [           main] org.flywaydb.core.FlywayExecutor         : Database: jdbc:mysql://127.0.0.1:3306/quizz_task25_handoff?connectionTimeZone=UTC&connectTimeout=3000&socketTimeout=3000 (MySQL 8.0)
2026-10-10T13:22:54.976+07:00  INFO 66864 --- [multigame] [           main] o.f.core.internal.command.DbValidate     : Successfully validated 7 migrations (execution time 00:00.064s)
2026-10-10T13:22:54.997+07:00  INFO 66864 --- [multigame] [           main] o.f.core.internal.command.DbMigrate      : Current version of schema `quizz_task25_handoff`: 7
2026-10-10T13:22:55.000+07:00  INFO 66864 --- [multigame] [           main] o.f.core.internal.command.DbMigrate      : Schema `quizz_task25_handoff` is up to date. No migration necessary.
2026-10-10T13:22:55.112+07:00  INFO 66864 --- [multigame] [           main] o.hibernate.jpa.internal.util.LogHelper  : HHH000204: Processing PersistenceUnitInfo [name: default]
2026-10-10T13:22:55.174+07:00  INFO 66864 --- [multigame] [           main] org.hibernate.Version                    : HHH000412: Hibernate ORM core version 6.6.53.Final
2026-10-10T13:22:55.228+07:00  INFO 66864 --- [multigame] [           main] o.h.c.internal.RegionFactoryInitiator    : HHH000026: Second-level cache disabled
2026-10-10T13:22:55.427+07:00  INFO 66864 --- [multigame] [           main] o.s.o.j.p.SpringPersistenceUnitInfo      : No LoadTimeWeaver setup: ignoring JPA class transformer
2026-10-10T13:22:55.498+07:00  INFO 66864 --- [multigame] [           main] org.hibernate.orm.connections.pooling    : HHH10001005: Database info:
	Database JDBC URL [Connecting through datasource 'HikariDataSource (HikariPool-1)']
	Database driver: undefined/unknown
	Database version: 8.0.45
	Autocommit mode: undefined/unknown
	Isolation level: undefined/unknown
	Minimum pool size: undefined/unknown
	Maximum pool size: undefined/unknown
2026-10-10T13:22:56.488+07:00  INFO 66864 --- [multigame] [           main] o.h.e.t.j.p.i.JtaPlatformInitiator       : HHH000489: No JTA platform available (set 'hibernate.transaction.jta.platform' to enable JTA platform integration)
2026-10-10T13:22:56.531+07:00  INFO 66864 --- [multigame] [           main] j.LocalContainerEntityManagerFactoryBean : Initialized JPA EntityManagerFactory for persistence unit 'default'
2026-10-10T13:22:56.842+07:00  INFO 66864 --- [multigame] [           main] o.s.d.j.r.query.QueryEnhancerFactory     : Hibernate is in classpath; If applicable, HQL parser will be used.
2026-10-10T13:22:58.408+07:00  INFO 66864 --- [multigame] [           main] r$InitializeUserDetailsManagerConfigurer : Global AuthenticationManager configured with UserDetailsService bean with name accountUserDetailsService
2026-10-10T13:22:58.494+07:00  INFO 66864 --- [multigame] [           main] o.s.b.a.w.s.WelcomePageHandlerMapping    : Adding welcome page: class path resource [static/index.html]
2026-10-10T13:22:59.033+07:00  INFO 66864 --- [multigame] [           main] o.s.b.w.embedded.tomcat.TomcatWebServer  : Tomcat started on port 8087 (http) with context path '/'
2026-10-10T13:22:59.061+07:00  INFO 66864 --- [multigame] [           main] vn.edu.multigame.MultigameApplication    : Started MultigameApplication in 15.529 seconds (process running for 16.102)
2026-10-10T13:23:28.543+07:00  INFO 66864 --- [multigame] [0.1-8087-exec-1] o.a.c.c.C.[Tomcat].[localhost].[/]       : Initializing Spring DispatcherServlet 'dispatcherServlet'
2026-10-10T13:23:28.543+07:00  INFO 66864 --- [multigame] [0.1-8087-exec-1] o.s.web.servlet.DispatcherServlet        : Initializing Servlet 'dispatcherServlet'
2026-10-10T13:23:28.544+07:00  INFO 66864 --- [multigame] [0.1-8087-exec-1] o.s.web.servlet.DispatcherServlet        : Completed initialization in 0 ms
