
  .   ____          _            __ _ _
 /\\ / ___'_ __ _ _(_)_ __  __ _ \ \ \ \
( ( )\___ | '_ | '_| | '_ \/ _` | \ \ \ \
 \\/  ___)| |_)| | | | | || (_| |  ) ) ) )
  '  |____| .__|_| |_|_| |_\__, | / / / /
 =========|_|==============|___/=/_/_/_/

 :: Spring Boot ::               (v3.5.16)

2026-10-06T16:31:47.962+07:00  INFO 67104 --- [competitive-quiz] [           main] v.e.q.realtime.session.ExperimentServer  : Starting ExperimentServer using Java 21.0.9 with PID 67104 (D:\BTL_LTM\target\test-classes started by tri in D:\BTL_LTM)
2026-10-06T16:31:47.972+07:00  INFO 67104 --- [competitive-quiz] [           main] v.e.q.realtime.session.ExperimentServer  : The following 2 profiles are active: "mysql", "experiment"
2026-10-06T16:31:50.835+07:00  INFO 67104 --- [competitive-quiz] [           main] .s.d.r.c.RepositoryConfigurationDelegate : Bootstrapping Spring Data JPA repositories in DEFAULT mode.
2026-10-06T16:31:51.199+07:00  INFO 67104 --- [competitive-quiz] [           main] .s.d.r.c.RepositoryConfigurationDelegate : Finished Spring Data repository scanning in 337 ms. Found 11 JPA repository interfaces.
2026-10-06T16:31:53.315+07:00  INFO 67104 --- [competitive-quiz] [           main] o.s.b.w.embedded.tomcat.TomcatWebServer  : Tomcat initialized with port 8080 (http)
2026-10-06T16:31:53.346+07:00  INFO 67104 --- [competitive-quiz] [           main] o.apache.catalina.core.StandardService   : Starting service [Tomcat]
2026-10-06T16:31:53.347+07:00  INFO 67104 --- [competitive-quiz] [           main] o.apache.catalina.core.StandardEngine    : Starting Servlet engine: [Apache Tomcat/10.1.55]
2026-10-06T16:31:53.466+07:00  INFO 67104 --- [competitive-quiz] [           main] o.a.c.c.C.[Tomcat].[localhost].[/]       : Initializing Spring embedded WebApplicationContext
2026-10-06T16:31:53.469+07:00  INFO 67104 --- [competitive-quiz] [           main] w.s.c.ServletWebServerApplicationContext : Root WebApplicationContext: initialization completed in 5339 ms
2026-10-06T16:31:54.399+07:00  INFO 67104 --- [competitive-quiz] [           main] com.zaxxer.hikari.HikariDataSource       : HikariPool-1 - Starting...
2026-10-06T16:31:55.252+07:00  INFO 67104 --- [competitive-quiz] [           main] com.zaxxer.hikari.pool.HikariPool        : HikariPool-1 - Added connection com.mysql.cj.jdbc.ConnectionImpl@45bd4753
2026-10-06T16:31:55.257+07:00  INFO 67104 --- [competitive-quiz] [           main] com.zaxxer.hikari.HikariDataSource       : HikariPool-1 - Start completed.
2026-10-06T16:31:55.349+07:00  INFO 67104 --- [competitive-quiz] [           main] org.flywaydb.core.FlywayExecutor         : Database: jdbc:mysql://127.0.0.1:3306/quizz_task15_experiment?connectionTimeZone=UTC&connectTimeout=3000&socketTimeout=3000 (MySQL 8.0)
2026-10-06T16:31:55.543+07:00  INFO 67104 --- [competitive-quiz] [           main] o.f.core.internal.command.DbValidate     : Successfully validated 2 migrations (execution time 00:00.109s)
2026-10-06T16:31:55.602+07:00  INFO 67104 --- [competitive-quiz] [           main] o.f.core.internal.command.DbMigrate      : Current version of schema `quizz_task15_experiment`: 2
2026-10-06T16:31:55.638+07:00  INFO 67104 --- [competitive-quiz] [           main] o.f.core.internal.command.DbMigrate      : Schema `quizz_task15_experiment` is up to date. No migration necessary.
2026-10-06T16:31:55.878+07:00  INFO 67104 --- [competitive-quiz] [           main] o.hibernate.jpa.internal.util.LogHelper  : HHH000204: Processing PersistenceUnitInfo [name: default]
2026-10-06T16:31:56.016+07:00  INFO 67104 --- [competitive-quiz] [           main] org.hibernate.Version                    : HHH000412: Hibernate ORM core version 6.6.53.Final
2026-10-06T16:31:56.094+07:00  INFO 67104 --- [competitive-quiz] [           main] o.h.c.internal.RegionFactoryInitiator    : HHH000026: Second-level cache disabled
2026-10-06T16:31:56.640+07:00  INFO 67104 --- [competitive-quiz] [           main] o.s.o.j.p.SpringPersistenceUnitInfo      : No LoadTimeWeaver setup: ignoring JPA class transformer
2026-10-06T16:31:56.779+07:00  INFO 67104 --- [competitive-quiz] [           main] org.hibernate.orm.connections.pooling    : HHH10001005: Database info:
	Database JDBC URL [Connecting through datasource 'HikariDataSource (HikariPool-1)']
	Database driver: undefined/unknown
	Database version: 8.0.45
	Autocommit mode: undefined/unknown
	Isolation level: undefined/unknown
	Minimum pool size: undefined/unknown
	Maximum pool size: undefined/unknown
2026-10-06T16:31:58.712+07:00  INFO 67104 --- [competitive-quiz] [           main] o.h.e.t.j.p.i.JtaPlatformInitiator       : HHH000489: No JTA platform available (set 'hibernate.transaction.jta.platform' to enable JTA platform integration)
2026-10-06T16:31:58.796+07:00  INFO 67104 --- [competitive-quiz] [           main] j.LocalContainerEntityManagerFactoryBean : Initialized JPA EntityManagerFactory for persistence unit 'default'
2026-10-06T16:31:59.253+07:00  INFO 67104 --- [competitive-quiz] [           main] o.s.d.j.r.query.QueryEnhancerFactory     : Hibernate is in classpath; If applicable, HQL parser will be used.
2026-10-06T16:32:03.167+07:00  INFO 67104 --- [competitive-quiz] [           main] r$InitializeUserDetailsManagerConfigurer : Global AuthenticationManager configured with UserDetailsService bean with name quizUserDetailsService
2026-10-06T16:32:03.450+07:00  INFO 67104 --- [competitive-quiz] [           main] o.s.b.a.w.s.WelcomePageHandlerMapping    : Adding welcome page: class path resource [static/index.html]
2026-10-06T16:32:05.286+07:00  INFO 67104 --- [competitive-quiz] [           main] o.s.b.w.embedded.tomcat.TomcatWebServer  : Tomcat started on port 8080 (http) with context path '/'
2026-10-06T16:32:05.311+07:00  INFO 67104 --- [competitive-quiz] [           main] v.e.q.realtime.session.ExperimentServer  : Started ExperimentServer in 18.89 seconds (process running for 19.826)
2026-10-06T16:32:05.813+07:00  INFO 67104 --- [competitive-quiz] [0.1-8080-exec-1] o.a.c.c.C.[Tomcat].[localhost].[/]       : Initializing Spring DispatcherServlet 'dispatcherServlet'
2026-10-06T16:32:05.815+07:00  INFO 67104 --- [competitive-quiz] [0.1-8080-exec-1] o.s.web.servlet.DispatcherServlet        : Initializing Servlet 'dispatcherServlet'
2026-10-06T16:32:05.817+07:00  INFO 67104 --- [competitive-quiz] [0.1-8080-exec-1] o.s.web.servlet.DispatcherServlet        : Completed initialization in 2 ms
