[INFO] Scanning for projects...
[INFO] 
[INFO] --------------------< vn.edu.quiz:competitive-quiz >--------------------
[INFO] Building Competitive Multiplayer Network Quiz System 0.0.1-SNAPSHOT
[INFO]   from pom.xml
[INFO] --------------------------------[ jar ]---------------------------------
[INFO] 
[INFO] --- resources:3.3.1:resources (default-resources) @ competitive-quiz ---
[INFO] Copying 3 resources from src\main\resources to target\classes
[INFO] Copying 23 resources from src\main\resources to target\classes
[INFO] 
[INFO] --- compiler:3.14.1:compile (default-compile) @ competitive-quiz ---
[INFO] Nothing to compile - all classes are up to date.
[INFO] 
[INFO] --- resources:3.3.1:testResources (default-testResources) @ competitive-quiz ---
[INFO] Copying 3 resources from src\test\resources to target\test-classes
[INFO] 
[INFO] --- compiler:3.14.1:testCompile (default-testCompile) @ competitive-quiz ---
[INFO] Nothing to compile - all classes are up to date.
[INFO] 
[INFO] --- surefire:3.5.6:test (default-test) @ competitive-quiz ---
[INFO] Using auto detected provider org.apache.maven.surefire.junitplatform.JUnitPlatformProvider
[INFO] 
[INFO] -------------------------------------------------------
[INFO]  T E S T S
[INFO] -------------------------------------------------------
[INFO] Running vn.edu.quiz.auth.security.PermissionPolicyTest
[INFO] Tests run: 28, Failures: 0, Errors: 0, Skipped: 0, Time elapsed: 0.198 s -- in vn.edu.quiz.auth.security.PermissionPolicyTest
[INFO] Running vn.edu.quiz.common.config.CodebaseStructureTest
[INFO] Tests run: 3, Failures: 0, Errors: 0, Skipped: 0, Time elapsed: 0.134 s -- in vn.edu.quiz.common.config.CodebaseStructureTest
[INFO] Running vn.edu.quiz.common.config.WebAccessPropertiesTest
[INFO] Tests run: 10, Failures: 0, Errors: 0, Skipped: 0, Time elapsed: 0.018 s -- in vn.edu.quiz.common.config.WebAccessPropertiesTest
[INFO] Running vn.edu.quiz.game.dto.GameplayRulesSnapshotTest
[INFO] Tests run: 16, Failures: 0, Errors: 0, Skipped: 0, Time elapsed: 0.064 s -- in vn.edu.quiz.game.dto.GameplayRulesSnapshotTest
[INFO] Running vn.edu.quiz.game.dto.MultimodeRulesSnapshotTest
[INFO] Tests run: 3, Failures: 0, Errors: 0, Skipped: 0, Time elapsed: 0.184 s -- in vn.edu.quiz.game.dto.MultimodeRulesSnapshotTest
[INFO] Running vn.edu.quiz.game.engine.ArrangementEvaluatorTest
[INFO] Tests run: 5, Failures: 0, Errors: 0, Skipped: 0, Time elapsed: 0.016 s -- in vn.edu.quiz.game.engine.ArrangementEvaluatorTest
[INFO] Running vn.edu.quiz.game.engine.MultimodeScoreEngineTest
[INFO] Tests run: 56, Failures: 0, Errors: 0, Skipped: 0, Time elapsed: 0.083 s -- in vn.edu.quiz.game.engine.MultimodeScoreEngineTest
[INFO] Running vn.edu.quiz.game.engine.RankingEngineTest
[INFO] Tests run: 6, Failures: 0, Errors: 0, Skipped: 0, Time elapsed: 0.010 s -- in vn.edu.quiz.game.engine.RankingEngineTest
[INFO] Running vn.edu.quiz.game.engine.ScoreEngineTest
[INFO] Tests run: 113, Failures: 0, Errors: 0, Skipped: 0, Time elapsed: 0.112 s -- in vn.edu.quiz.game.engine.ScoreEngineTest
[INFO] Running vn.edu.quiz.game.engine.TextAnswerEvaluatorTest
[INFO] Tests run: 3, Failures: 0, Errors: 0, Skipped: 0, Time elapsed: 0.004 s -- in vn.edu.quiz.game.engine.TextAnswerEvaluatorTest
[INFO] Running vn.edu.quiz.game.service.SpinSelectorTest
[INFO] Tests run: 3, Failures: 0, Errors: 0, Skipped: 0, Time elapsed: 0.006 s -- in vn.edu.quiz.game.service.SpinSelectorTest
[INFO] Running vn.edu.quiz.quiz.model.ClueTimelineTest
[INFO] Tests run: 3, Failures: 0, Errors: 0, Skipped: 0, Time elapsed: 0.004 s -- in vn.edu.quiz.quiz.model.ClueTimelineTest
[INFO] Running vn.edu.quiz.quiz.service.Mp4MetadataTest
[INFO] Tests run: 4, Failures: 0, Errors: 0, Skipped: 0, Time elapsed: 8.117 s -- in vn.edu.quiz.quiz.service.Mp4MetadataTest
[INFO] Running vn.edu.quiz.quiz.service.QuizAccessPolicyTest
[INFO] Tests run: 3, Failures: 0, Errors: 0, Skipped: 0, Time elapsed: 0.026 s -- in vn.edu.quiz.quiz.service.QuizAccessPolicyTest
[INFO] Running vn.edu.quiz.realtime.connection.AuthenticatedSocketRegistryTest
Mockito is currently self-attaching to enable the inline-mock-maker. This will no longer work in future releases of the JDK. Please add Mockito as an agent to your build as described in Mockito's documentation: https://javadoc.io/doc/org.mockito/mockito-core/latest/org.mockito/org/mockito/Mockito.html#0.3
Java HotSpot(TM) 64-Bit Server VM warning: Sharing is only supported for boot loader classes because bootstrap classpath has been appended
WARNING: A Java agent has been loaded dynamically (D:\BTL_LTM\.cache\maven\net\bytebuddy\byte-buddy-agent\1.17.8\byte-buddy-agent-1.17.8.jar)
WARNING: If a serviceability tool is in use, please run with -XX:+EnableDynamicAgentLoading to hide this warning
WARNING: If a serviceability tool is not in use, please run with -Djdk.instrument.traceUsage for more information
WARNING: Dynamic loading of agents will be disallowed by default in a future release
[INFO] Tests run: 5, Failures: 0, Errors: 0, Skipped: 0, Time elapsed: 1.489 s -- in vn.edu.quiz.realtime.connection.AuthenticatedSocketRegistryTest
[INFO] Running vn.edu.quiz.realtime.idempotency.GameReplayCacheTest
[INFO] Tests run: 4, Failures: 0, Errors: 0, Skipped: 0, Time elapsed: 0.075 s -- in vn.edu.quiz.realtime.idempotency.GameReplayCacheTest
[INFO] Running vn.edu.quiz.realtime.session.RoomBoundaryTest
[INFO] Tests run: 5, Failures: 0, Errors: 0, Skipped: 0, Time elapsed: 0.089 s -- in vn.edu.quiz.realtime.session.RoomBoundaryTest
[INFO] Running vn.edu.quiz.realtime.session.SessionQueueTest
[INFO] Tests run: 21, Failures: 0, Errors: 0, Skipped: 0, Time elapsed: 0.165 s -- in vn.edu.quiz.realtime.session.SessionQueueTest
[INFO] Running vn.edu.quiz.realtime.timer.ScheduledTimerSchedulerTest
[INFO] Tests run: 1, Failures: 0, Errors: 0, Skipped: 0, Time elapsed: 0.008 s -- in vn.edu.quiz.realtime.timer.ScheduledTimerSchedulerTest
[INFO] Running vn.edu.quiz.realtime.websocket.GameCommandParserTest
[INFO] Tests run: 6, Failures: 0, Errors: 0, Skipped: 0, Time elapsed: 0.047 s -- in vn.edu.quiz.realtime.websocket.GameCommandParserTest
[INFO] Running vn.edu.quiz.system.controller.SystemWebTest
02:41:24.717 [main] INFO org.springframework.test.context.support.AnnotationConfigContextLoaderUtils -- Could not detect default configuration classes for test class [vn.edu.quiz.system.controller.SystemWebTest]: SystemWebTest does not declare any static, non-private, non-final, nested classes annotated with @Configuration.
02:41:24.939 [main] INFO org.springframework.boot.test.context.SpringBootTestContextBootstrapper -- Found @SpringBootConfiguration vn.edu.quiz.QuizApplication for test class vn.edu.quiz.system.controller.SystemWebTest

  .   ____          _            __ _ _
 /\\ / ___'_ __ _ _(_)_ __  __ _ \ \ \ \
( ( )\___ | '_ | '_| | '_ \/ _` | \ \ \ \
 \\/  ___)| |_)| | | | | || (_| |  ) ) ) )
  '  |____| .__|_| |_|_| |_\__, | / / / /
 =========|_|==============|___/=/_/_/_/

 :: Spring Boot ::               (v3.5.16)

2026-10-10T02:41:25.777+07:00  INFO 103248 --- [competitive-quiz] [           main] v.e.q.system.controller.SystemWebTest    : Starting SystemWebTest using Java 21.0.9 with PID 103248 (started by CodexSandboxOffline in D:\BTL_LTM)
2026-10-10T02:41:25.779+07:00  INFO 103248 --- [competitive-quiz] [           main] v.e.q.system.controller.SystemWebTest    : The following 1 profile is active: "web-only"
2026-10-10T02:41:27.144+07:00  INFO 103248 --- [competitive-quiz] [           main] o.s.b.w.embedded.tomcat.TomcatWebServer  : Tomcat initialized with port 0 (http)
2026-10-10T02:41:27.163+07:00  INFO 103248 --- [competitive-quiz] [           main] o.apache.catalina.core.StandardService   : Starting service [Tomcat]
2026-10-10T02:41:27.163+07:00  INFO 103248 --- [competitive-quiz] [           main] o.apache.catalina.core.StandardEngine    : Starting Servlet engine: [Apache Tomcat/10.1.55]
2026-10-10T02:41:27.207+07:00  INFO 103248 --- [competitive-quiz] [           main] o.a.c.c.C.[Tomcat].[localhost].[/]       : Initializing Spring embedded WebApplicationContext
2026-10-10T02:41:27.208+07:00  INFO 103248 --- [competitive-quiz] [           main] w.s.c.ServletWebServerApplicationContext : Root WebApplicationContext: initialization completed in 1408 ms
2026-10-10T02:41:27.576+07:00  INFO 103248 --- [competitive-quiz] [           main] o.s.b.a.w.s.WelcomePageHandlerMapping    : Adding welcome page: class path resource [static/index.html]
2026-10-10T02:41:28.103+07:00  INFO 103248 --- [competitive-quiz] [           main] o.s.b.w.embedded.tomcat.TomcatWebServer  : Tomcat started on port 51558 (http) with context path '/'
2026-10-10T02:41:28.114+07:00  INFO 103248 --- [competitive-quiz] [           main] v.e.q.system.controller.SystemWebTest    : Started SystemWebTest in 2.673 seconds (process running for 14.992)
2026-10-10T02:41:28.292+07:00  INFO 103248 --- [competitive-quiz] [0-auto-1-exec-1] o.a.c.c.C.[Tomcat].[localhost].[/]       : Initializing Spring DispatcherServlet 'dispatcherServlet'
2026-10-10T02:41:28.292+07:00  INFO 103248 --- [competitive-quiz] [0-auto-1-exec-1] o.s.web.servlet.DispatcherServlet        : Initializing Servlet 'dispatcherServlet'
2026-10-10T02:41:28.293+07:00  INFO 103248 --- [competitive-quiz] [0-auto-1-exec-1] o.s.web.servlet.DispatcherServlet        : Completed initialization in 1 ms
[INFO] Tests run: 4, Failures: 0, Errors: 0, Skipped: 0, Time elapsed: 4.006 s -- in vn.edu.quiz.system.controller.SystemWebTest
[INFO] 
[INFO] Results:
[INFO] 
[INFO] Tests run: 302, Failures: 0, Errors: 0, Skipped: 0
[INFO] 
[INFO] 
[INFO] --- jar:3.4.2:jar (default-jar) @ competitive-quiz ---
[INFO] 
[INFO] --- spring-boot:3.5.16:repackage (repackage) @ competitive-quiz ---
[INFO] Replacing main artifact D:\BTL_LTM\target\competitive-quiz-0.0.1-SNAPSHOT.jar with repackaged archive, adding nested dependencies in BOOT-INF/.
[INFO] The original artifact has been renamed to D:\BTL_LTM\target\competitive-quiz-0.0.1-SNAPSHOT.jar.original
[INFO] ------------------------------------------------------------------------
[INFO] BUILD SUCCESS
[INFO] ------------------------------------------------------------------------
[INFO] Total time:  26.242 s
[INFO] Finished at: 2026-10-10T02:41:29+07:00
[INFO] ------------------------------------------------------------------------
