
  .   ____          _            __ _ _
 /\\ / ___'_ __ _ _(_)_ __  __ _ \ \ \ \
( ( )\___ | '_ | '_| | '_ \/ _` | \ \ \ \
 \\/  ___)| |_)| | | | | || (_| |  ) ) ) )
  '  |____| .__|_| |_|_| |_\__, | / / / /
 =========|_|==============|___/=/_/_/_/

 :: Spring Boot ::               (v3.5.16)

2026-10-10T02:23:37.589+07:00  INFO 94800 --- [competitive-quiz] [           main] vn.edu.quiz.QuizApplication              : Starting QuizApplication v0.0.1-SNAPSHOT using Java 21.0.9 with PID 94800 (D:\BTL_LTM\target\competitive-quiz-0.0.1-SNAPSHOT.jar started by CodexSandboxOffline in D:\BTL_LTM)
2026-10-10T02:23:37.593+07:00  INFO 94800 --- [competitive-quiz] [           main] vn.edu.quiz.QuizApplication              : The following 1 profile is active: "mysql"
2026-10-10T02:23:38.512+07:00  INFO 94800 --- [competitive-quiz] [           main] .s.d.r.c.RepositoryConfigurationDelegate : Bootstrapping Spring Data JPA repositories in DEFAULT mode.
2026-10-10T02:23:38.586+07:00  INFO 94800 --- [competitive-quiz] [           main] .s.d.r.c.RepositoryConfigurationDelegate : Finished Spring Data repository scanning in 66 ms. Found 13 JPA repository interfaces.
2026-10-10T02:23:47.334+07:00  INFO 94800 --- [competitive-quiz] [           main] o.s.b.w.embedded.tomcat.TomcatWebServer  : Tomcat initialized with port 8087 (http)
2026-10-10T02:23:47.346+07:00  INFO 94800 --- [competitive-quiz] [           main] o.apache.catalina.core.StandardService   : Starting service [Tomcat]
2026-10-10T02:23:47.346+07:00  INFO 94800 --- [competitive-quiz] [           main] o.apache.catalina.core.StandardEngine    : Starting Servlet engine: [Apache Tomcat/10.1.55]
2026-10-10T02:23:47.368+07:00  INFO 94800 --- [competitive-quiz] [           main] o.a.c.c.C.[Tomcat].[localhost].[/]       : Initializing Spring embedded WebApplicationContext
2026-10-10T02:23:47.369+07:00  INFO 94800 --- [competitive-quiz] [           main] w.s.c.ServletWebServerApplicationContext : Root WebApplicationContext: initialization completed in 9729 ms
2026-10-10T02:23:47.650+07:00  INFO 94800 --- [competitive-quiz] [           main] com.zaxxer.hikari.HikariDataSource       : HikariPool-1 - Starting...
2026-10-10T02:23:48.055+07:00  INFO 94800 --- [competitive-quiz] [           main] com.zaxxer.hikari.pool.HikariPool        : HikariPool-1 - Added connection com.mysql.cj.jdbc.ConnectionImpl@7d6c4079
2026-10-10T02:23:48.057+07:00  INFO 94800 --- [competitive-quiz] [           main] com.zaxxer.hikari.HikariDataSource       : HikariPool-1 - Start completed.
2026-10-10T02:23:48.134+07:00  INFO 94800 --- [competitive-quiz] [           main] org.flywaydb.core.FlywayExecutor         : Database: jdbc:mysql://127.0.0.1:3306/quizz_task2_test?connectionTimeZone=UTC&connectTimeout=3000&socketTimeout=3000 (MySQL 8.0)
2026-10-10T02:23:48.258+07:00  INFO 94800 --- [competitive-quiz] [           main] o.f.core.internal.command.DbValidate     : Successfully validated 7 migrations (execution time 00:00.088s)
2026-10-10T02:23:48.285+07:00  INFO 94800 --- [competitive-quiz] [           main] o.f.core.internal.command.DbMigrate      : Current version of schema `quizz_task2_test`: 7
2026-10-10T02:23:48.291+07:00  INFO 94800 --- [competitive-quiz] [           main] o.f.core.internal.command.DbMigrate      : Schema `quizz_task2_test` is up to date. No migration necessary.
2026-10-10T02:23:48.427+07:00  INFO 94800 --- [competitive-quiz] [           main] o.hibernate.jpa.internal.util.LogHelper  : HHH000204: Processing PersistenceUnitInfo [name: default]
2026-10-10T02:23:48.508+07:00  INFO 94800 --- [competitive-quiz] [           main] org.hibernate.Version                    : HHH000412: Hibernate ORM core version 6.6.53.Final
2026-10-10T02:23:48.551+07:00  INFO 94800 --- [competitive-quiz] [           main] o.h.c.internal.RegionFactoryInitiator    : HHH000026: Second-level cache disabled
2026-10-10T02:23:48.785+07:00  INFO 94800 --- [competitive-quiz] [           main] o.s.o.j.p.SpringPersistenceUnitInfo      : No LoadTimeWeaver setup: ignoring JPA class transformer
2026-10-10T02:23:48.861+07:00  INFO 94800 --- [competitive-quiz] [           main] org.hibernate.orm.connections.pooling    : HHH10001005: Database info:
	Database JDBC URL [Connecting through datasource 'HikariDataSource (HikariPool-1)']
	Database driver: undefined/unknown
	Database version: 8.0.45
	Autocommit mode: undefined/unknown
	Isolation level: undefined/unknown
	Minimum pool size: undefined/unknown
	Maximum pool size: undefined/unknown
2026-10-10T02:23:49.800+07:00  INFO 94800 --- [competitive-quiz] [           main] o.h.e.t.j.p.i.JtaPlatformInitiator       : HHH000489: No JTA platform available (set 'hibernate.transaction.jta.platform' to enable JTA platform integration)
2026-10-10T02:23:49.838+07:00  INFO 94800 --- [competitive-quiz] [           main] j.LocalContainerEntityManagerFactoryBean : Initialized JPA EntityManagerFactory for persistence unit 'default'
2026-10-10T02:23:50.185+07:00  INFO 94800 --- [competitive-quiz] [           main] o.s.d.j.r.query.QueryEnhancerFactory     : Hibernate is in classpath; If applicable, HQL parser will be used.
2026-10-10T02:23:51.771+07:00  INFO 94800 --- [competitive-quiz] [           main] r$InitializeUserDetailsManagerConfigurer : Global AuthenticationManager configured with UserDetailsService bean with name quizUserDetailsService
2026-10-10T02:23:51.865+07:00  INFO 94800 --- [competitive-quiz] [           main] o.s.b.a.w.s.WelcomePageHandlerMapping    : Adding welcome page: class path resource [static/index.html]
2026-10-10T02:23:52.288+07:00  INFO 94800 --- [competitive-quiz] [           main] o.s.b.w.embedded.tomcat.TomcatWebServer  : Tomcat started on port 8087 (http) with context path '/'
2026-10-10T02:23:52.306+07:00  INFO 94800 --- [competitive-quiz] [           main] vn.edu.quiz.QuizApplication              : Started QuizApplication in 15.246 seconds (process running for 15.742)
2026-10-10T02:24:01.762+07:00  INFO 94800 --- [competitive-quiz] [0.0-8087-exec-1] o.a.c.c.C.[Tomcat].[localhost].[/]       : Initializing Spring DispatcherServlet 'dispatcherServlet'
2026-10-10T02:24:01.762+07:00  INFO 94800 --- [competitive-quiz] [0.0-8087-exec-1] o.s.web.servlet.DispatcherServlet        : Initializing Servlet 'dispatcherServlet'
2026-10-10T02:24:01.764+07:00  INFO 94800 --- [competitive-quiz] [0.0-8087-exec-1] o.s.web.servlet.DispatcherServlet        : Completed initialization in 2 ms
