[INFO] Scanning for projects...
[INFO] 
[INFO] --------------------< vn.edu.quiz:competitive-quiz >--------------------
[INFO] Building Competitive Multiplayer Network Quiz System 0.0.1-SNAPSHOT
[INFO]   from pom.xml
[INFO] --------------------------------[ jar ]---------------------------------
[INFO] 
[INFO] --- resources:3.3.1:resources (default-resources) @ competitive-quiz ---
[INFO] Copying 3 resources from src\main\resources to target\classes
[INFO] Copying 23 resources from src\main\resources to target\classes
[INFO] 
[INFO] --- compiler:3.14.1:compile (default-compile) @ competitive-quiz ---
[INFO] Nothing to compile - all classes are up to date.
[INFO] 
[INFO] --- resources:3.3.1:testResources (default-testResources) @ competitive-quiz ---
[INFO] Copying 3 resources from src\test\resources to target\test-classes
[INFO] 
[INFO] --- compiler:3.14.1:testCompile (default-testCompile) @ competitive-quiz ---
[INFO] Recompiling the module because of added or removed source files.
[INFO] Compiling 47 source files with javac [debug parameters release 21] to target\test-classes
[INFO] 
[INFO] --- failsafe:3.5.6:integration-test (default-cli) @ competitive-quiz ---
[INFO] Using auto detected provider org.apache.maven.surefire.junitplatform.JUnitPlatformProvider
[INFO] 
[INFO] -------------------------------------------------------
[INFO]  T E S T S
[INFO] -------------------------------------------------------
[INFO] Running vn.edu.quiz.game.service.MultimodeIntegrationIT
02:17:46.333 [main] INFO org.springframework.test.context.support.AnnotationConfigContextLoaderUtils -- Could not detect default configuration classes for test class [vn.edu.quiz.game.service.MultimodeIntegrationIT]: MultimodeIntegrationIT does not declare any static, non-private, non-final, nested classes annotated with @Configuration.
02:17:46.484 [main] INFO org.springframework.boot.test.context.SpringBootTestContextBootstrapper -- Found @SpringBootConfiguration vn.edu.quiz.QuizApplication for test class vn.edu.quiz.game.service.MultimodeIntegrationIT

  .   ____          _            __ _ _
 /\\ / ___'_ __ _ _(_)_ __  __ _ \ \ \ \
( ( )\___ | '_ | '_| | '_ \/ _` | \ \ \ \
 \\/  ___)| |_)| | | | | || (_| |  ) ) ) )
  '  |____| .__|_| |_|_| |_\__, | / / / /
 =========|_|==============|___/=/_/_/_/

 :: Spring Boot ::               (v3.5.16)

2026-10-10T02:17:54.899+07:00  INFO 113436 --- [competitive-quiz] [           main] v.e.q.g.service.MultimodeIntegrationIT   : Starting MultimodeIntegrationIT using Java 21.0.9 with PID 113436 (started by CodexSandboxOffline in D:\BTL_LTM)
2026-10-10T02:17:54.901+07:00  INFO 113436 --- [competitive-quiz] [           main] v.e.q.g.service.MultimodeIntegrationIT   : The following 1 profile is active: "mysql"
2026-10-10T02:17:55.577+07:00  INFO 113436 --- [competitive-quiz] [           main] .s.d.r.c.RepositoryConfigurationDelegate : Bootstrapping Spring Data JPA repositories in DEFAULT mode.
2026-10-10T02:17:55.662+07:00  INFO 113436 --- [competitive-quiz] [           main] .s.d.r.c.RepositoryConfigurationDelegate : Finished Spring Data repository scanning in 79 ms. Found 13 JPA repository interfaces.
2026-10-10T02:17:56.395+07:00  INFO 113436 --- [competitive-quiz] [           main] o.s.b.w.embedded.tomcat.TomcatWebServer  : Tomcat initialized with port 0 (http)
2026-10-10T02:17:56.406+07:00  INFO 113436 --- [competitive-quiz] [           main] o.apache.catalina.core.StandardService   : Starting service [Tomcat]
2026-10-10T02:17:56.406+07:00  INFO 113436 --- [competitive-quiz] [           main] o.apache.catalina.core.StandardEngine    : Starting Servlet engine: [Apache Tomcat/10.1.55]
2026-10-10T02:17:56.466+07:00  INFO 113436 --- [competitive-quiz] [           main] o.a.c.c.C.[Tomcat].[localhost].[/]       : Initializing Spring embedded WebApplicationContext
2026-10-10T02:17:56.467+07:00  INFO 113436 --- [competitive-quiz] [           main] w.s.c.ServletWebServerApplicationContext : Root WebApplicationContext: initialization completed in 1555 ms
2026-10-10T02:17:56.820+07:00  INFO 113436 --- [competitive-quiz] [           main] com.zaxxer.hikari.HikariDataSource       : HikariPool-1 - Starting...
2026-10-10T02:17:57.084+07:00  INFO 113436 --- [competitive-quiz] [           main] com.zaxxer.hikari.pool.HikariPool        : HikariPool-1 - Added connection com.mysql.cj.jdbc.ConnectionImpl@2adc1e84
2026-10-10T02:17:57.085+07:00  INFO 113436 --- [competitive-quiz] [           main] com.zaxxer.hikari.HikariDataSource       : HikariPool-1 - Start completed.
2026-10-10T02:17:57.120+07:00  INFO 113436 --- [competitive-quiz] [           main] org.flywaydb.core.FlywayExecutor         : Database: jdbc:mysql://127.0.0.1:3306/quizz_task2_test?connectionTimeZone=UTC&connectTimeout=3000&socketTimeout=3000 (MySQL 8.0)
2026-10-10T02:17:57.168+07:00  INFO 113436 --- [competitive-quiz] [           main] o.f.core.internal.command.DbValidate     : Successfully validated 7 migrations (execution time 00:00.028s)
2026-10-10T02:17:57.182+07:00  INFO 113436 --- [competitive-quiz] [           main] o.f.core.internal.command.DbMigrate      : Current version of schema `quizz_task2_test`: 7
2026-10-10T02:17:57.184+07:00  INFO 113436 --- [competitive-quiz] [           main] o.f.core.internal.command.DbMigrate      : Schema `quizz_task2_test` is up to date. No migration necessary.
2026-10-10T02:17:57.324+07:00  INFO 113436 --- [competitive-quiz] [           main] o.hibernate.jpa.internal.util.LogHelper  : HHH000204: Processing PersistenceUnitInfo [name: default]
2026-10-10T02:17:57.395+07:00  INFO 113436 --- [competitive-quiz] [           main] org.hibernate.Version                    : HHH000412: Hibernate ORM core version 6.6.53.Final
2026-10-10T02:17:57.419+07:00  INFO 113436 --- [competitive-quiz] [           main] o.h.c.internal.RegionFactoryInitiator    : HHH000026: Second-level cache disabled
2026-10-10T02:17:57.603+07:00  INFO 113436 --- [competitive-quiz] [           main] o.s.o.j.p.SpringPersistenceUnitInfo      : No LoadTimeWeaver setup: ignoring JPA class transformer
2026-10-10T02:17:57.661+07:00  INFO 113436 --- [competitive-quiz] [           main] org.hibernate.orm.connections.pooling    : HHH10001005: Database info:
	Database JDBC URL [Connecting through datasource 'HikariDataSource (HikariPool-1)']
	Database driver: undefined/unknown
	Database version: 8.0.45
	Autocommit mode: undefined/unknown
	Isolation level: undefined/unknown
	Minimum pool size: undefined/unknown
	Maximum pool size: undefined/unknown
2026-10-10T02:17:58.424+07:00  INFO 113436 --- [competitive-quiz] [           main] o.h.e.t.j.p.i.JtaPlatformInitiator       : HHH000489: No JTA platform available (set 'hibernate.transaction.jta.platform' to enable JTA platform integration)
2026-10-10T02:17:58.457+07:00  INFO 113436 --- [competitive-quiz] [           main] j.LocalContainerEntityManagerFactoryBean : Initialized JPA EntityManagerFactory for persistence unit 'default'
2026-10-10T02:17:58.689+07:00  INFO 113436 --- [competitive-quiz] [           main] o.s.d.j.r.query.QueryEnhancerFactory     : Hibernate is in classpath; If applicable, HQL parser will be used.
Mockito is currently self-attaching to enable the inline-mock-maker. This will no longer work in future releases of the JDK. Please add Mockito as an agent to your build as described in Mockito's documentation: https://javadoc.io/doc/org.mockito/mockito-core/latest/org.mockito/org/mockito/Mockito.html#0.3
Java HotSpot(TM) 64-Bit Server VM warning: Sharing is only supported for boot loader classes because bootstrap classpath has been appended
WARNING: A Java agent has been loaded dynamically (D:\BTL_LTM\.cache\maven\net\bytebuddy\byte-buddy-agent\1.17.8\byte-buddy-agent-1.17.8.jar)
WARNING: If a serviceability tool is in use, please run with -XX:+EnableDynamicAgentLoading to hide this warning
WARNING: If a serviceability tool is not in use, please run with -Djdk.instrument.traceUsage for more information
WARNING: Dynamic loading of agents will be disallowed by default in a future release
2026-10-10T02:18:01.398+07:00  INFO 113436 --- [competitive-quiz] [           main] r$InitializeUserDetailsManagerConfigurer : Global AuthenticationManager configured with UserDetailsService bean with name quizUserDetailsService
2026-10-10T02:18:01.711+07:00  INFO 113436 --- [competitive-quiz] [           main] o.s.b.a.w.s.WelcomePageHandlerMapping    : Adding welcome page: class path resource [static/index.html]
2026-10-10T02:18:02.703+07:00  INFO 113436 --- [competitive-quiz] [           main] o.s.b.w.embedded.tomcat.TomcatWebServer  : Tomcat started on port 50508 (http) with context path '/'
2026-10-10T02:18:02.727+07:00  INFO 113436 --- [competitive-quiz] [           main] v.e.q.g.service.MultimodeIntegrationIT   : Started MultimodeIntegrationIT in 8.064 seconds (process running for 16.919)
2026-10-10T02:18:03.682+07:00  INFO 113436 --- [competitive-quiz] [0-auto-1-exec-1] o.a.c.c.C.[Tomcat].[localhost].[/]       : Initializing Spring DispatcherServlet 'dispatcherServlet'
2026-10-10T02:18:03.682+07:00  INFO 113436 --- [competitive-quiz] [0-auto-1-exec-1] o.s.web.servlet.DispatcherServlet        : Initializing Servlet 'dispatcherServlet'
2026-10-10T02:18:03.683+07:00  INFO 113436 --- [competitive-quiz] [0-auto-1-exec-1] o.s.web.servlet.DispatcherServlet        : Completed initialization in 1 ms
TASK24_MAXIMUM: game=1942, one RIDDLE stage,50 questions/150 answers, score30/30/30, correct-time200/400/200, rank1/3/1
[INFO] Tests run: 1, Failures: 0, Errors: 0, Skipped: 0, Time elapsed: 27.27 s -- in vn.edu.quiz.game.service.MultimodeIntegrationIT
[INFO] 
[INFO] Results:
[INFO] 
[INFO] Tests run: 1, Failures: 0, Errors: 0, Skipped: 0
[INFO] 
[INFO] 
[INFO] --- failsafe:3.5.6:verify (default-cli) @ competitive-quiz ---
[INFO] ------------------------------------------------------------------------
[INFO] BUILD SUCCESS
[INFO] ------------------------------------------------------------------------
[INFO] Total time:  41.990 s
[INFO] Finished at: 2026-10-10T02:18:14+07:00
[INFO] ------------------------------------------------------------------------
