
  .   ____          _            __ _ _
 /\\ / ___'_ __ _ _(_)_ __  __ _ \ \ \ \
( ( )\___ | '_ | '_| | '_ \/ _` | \ \ \ \
 \\/  ___)| |_)| | | | | || (_| |  ) ) ) )
  '  |____| .__|_| |_|_| |_\__, | / / / /
 =========|_|==============|___/=/_/_/_/

 :: Spring Boot ::               (v3.5.16)

2026-10-10T02:40:41.799+07:00  INFO 119564 --- [competitive-quiz] [           main] v.e.q.realtime.session.ExperimentServer  : Starting ExperimentServer using Java 21.0.9 with PID 119564 (D:\BTL_LTM\target\test-classes started by CodexSandboxOffline in D:\BTL_LTM)
2026-10-10T02:40:41.802+07:00  INFO 119564 --- [competitive-quiz] [           main] v.e.q.realtime.session.ExperimentServer  : The following 2 profiles are active: "mysql", "experiment"
2026-10-10T02:40:42.616+07:00  INFO 119564 --- [competitive-quiz] [           main] .s.d.r.c.RepositoryConfigurationDelegate : Bootstrapping Spring Data JPA repositories in DEFAULT mode.
2026-10-10T02:40:42.719+07:00  INFO 119564 --- [competitive-quiz] [           main] .s.d.r.c.RepositoryConfigurationDelegate : Finished Spring Data repository scanning in 92 ms. Found 13 JPA repository interfaces.
2026-10-10T02:40:51.296+07:00  INFO 119564 --- [competitive-quiz] [           main] o.s.b.w.embedded.tomcat.TomcatWebServer  : Tomcat initialized with port 8086 (http)
2026-10-10T02:40:51.317+07:00  INFO 119564 --- [competitive-quiz] [           main] o.apache.catalina.core.StandardService   : Starting service [Tomcat]
2026-10-10T02:40:51.317+07:00  INFO 119564 --- [competitive-quiz] [           main] o.apache.catalina.core.StandardEngine    : Starting Servlet engine: [Apache Tomcat/10.1.55]
2026-10-10T02:40:51.360+07:00  INFO 119564 --- [competitive-quiz] [           main] o.a.c.c.C.[Tomcat].[localhost].[/]       : Initializing Spring embedded WebApplicationContext
2026-10-10T02:40:51.362+07:00  INFO 119564 --- [competitive-quiz] [           main] w.s.c.ServletWebServerApplicationContext : Root WebApplicationContext: initialization completed in 9500 ms
2026-10-10T02:40:51.683+07:00  INFO 119564 --- [competitive-quiz] [           main] com.zaxxer.hikari.HikariDataSource       : HikariPool-1 - Starting...
2026-10-10T02:40:52.066+07:00  INFO 119564 --- [competitive-quiz] [           main] com.zaxxer.hikari.pool.HikariPool        : HikariPool-1 - Added connection com.mysql.cj.jdbc.ConnectionImpl@55053f81
2026-10-10T02:40:52.068+07:00  INFO 119564 --- [competitive-quiz] [           main] com.zaxxer.hikari.HikariDataSource       : HikariPool-1 - Start completed.
2026-10-10T02:40:52.124+07:00  INFO 119564 --- [competitive-quiz] [           main] org.flywaydb.core.FlywayExecutor         : Database: jdbc:mysql://127.0.0.1:3306/quizz_task15_experiment?connectionTimeZone=UTC&connectTimeout=3000&socketTimeout=3000 (MySQL 8.0)
2026-10-10T02:40:52.266+07:00  INFO 119564 --- [competitive-quiz] [           main] o.f.core.internal.command.DbValidate     : Successfully validated 7 migrations (execution time 00:00.094s)
2026-10-10T02:40:52.286+07:00  INFO 119564 --- [competitive-quiz] [           main] o.f.core.internal.command.DbMigrate      : Current version of schema `quizz_task15_experiment`: 7
2026-10-10T02:40:52.292+07:00  INFO 119564 --- [competitive-quiz] [           main] o.f.core.internal.command.DbMigrate      : Schema `quizz_task15_experiment` is up to date. No migration necessary.
2026-10-10T02:40:52.420+07:00  INFO 119564 --- [competitive-quiz] [           main] o.hibernate.jpa.internal.util.LogHelper  : HHH000204: Processing PersistenceUnitInfo [name: default]
2026-10-10T02:40:52.471+07:00  INFO 119564 --- [competitive-quiz] [           main] org.hibernate.Version                    : HHH000412: Hibernate ORM core version 6.6.53.Final
2026-10-10T02:40:52.503+07:00  INFO 119564 --- [competitive-quiz] [           main] o.h.c.internal.RegionFactoryInitiator    : HHH000026: Second-level cache disabled
2026-10-10T02:40:52.755+07:00  INFO 119564 --- [competitive-quiz] [           main] o.s.o.j.p.SpringPersistenceUnitInfo      : No LoadTimeWeaver setup: ignoring JPA class transformer
2026-10-10T02:40:52.833+07:00  INFO 119564 --- [competitive-quiz] [           main] org.hibernate.orm.connections.pooling    : HHH10001005: Database info:
	Database JDBC URL [Connecting through datasource 'HikariDataSource (HikariPool-1)']
	Database driver: undefined/unknown
	Database version: 8.0.45
	Autocommit mode: undefined/unknown
	Isolation level: undefined/unknown
	Minimum pool size: undefined/unknown
	Maximum pool size: undefined/unknown
2026-10-10T02:40:54.063+07:00  INFO 119564 --- [competitive-quiz] [           main] o.h.e.t.j.p.i.JtaPlatformInitiator       : HHH000489: No JTA platform available (set 'hibernate.transaction.jta.platform' to enable JTA platform integration)
2026-10-10T02:40:54.110+07:00  INFO 119564 --- [competitive-quiz] [           main] j.LocalContainerEntityManagerFactoryBean : Initialized JPA EntityManagerFactory for persistence unit 'default'
2026-10-10T02:40:54.439+07:00  INFO 119564 --- [competitive-quiz] [           main] o.s.d.j.r.query.QueryEnhancerFactory     : Hibernate is in classpath; If applicable, HQL parser will be used.
2026-10-10T02:40:55.866+07:00  INFO 119564 --- [competitive-quiz] [           main] r$InitializeUserDetailsManagerConfigurer : Global AuthenticationManager configured with UserDetailsService bean with name quizUserDetailsService
2026-10-10T02:40:55.973+07:00  INFO 119564 --- [competitive-quiz] [           main] o.s.b.a.w.s.WelcomePageHandlerMapping    : Adding welcome page: class path resource [static/index.html]
2026-10-10T02:40:56.410+07:00  INFO 119564 --- [competitive-quiz] [           main] o.s.b.w.embedded.tomcat.TomcatWebServer  : Tomcat started on port 8086 (http) with context path '/'
2026-10-10T02:40:56.422+07:00  INFO 119564 --- [competitive-quiz] [           main] v.e.q.realtime.session.ExperimentServer  : Started ExperimentServer in 15.043 seconds (process running for 15.335)
2026-10-10T02:41:51.694+07:00  INFO 119564 --- [competitive-quiz] [0.1-8086-exec-1] o.a.c.c.C.[Tomcat].[localhost].[/]       : Initializing Spring DispatcherServlet 'dispatcherServlet'
2026-10-10T02:41:51.694+07:00  INFO 119564 --- [competitive-quiz] [0.1-8086-exec-1] o.s.web.servlet.DispatcherServlet        : Initializing Servlet 'dispatcherServlet'
2026-10-10T02:41:51.695+07:00  INFO 119564 --- [competitive-quiz] [0.1-8086-exec-1] o.s.web.servlet.DispatcherServlet        : Completed initialization in 1 ms
