
  .   ____          _            __ _ _
 /\\ / ___'_ __ _ _(_)_ __  __ _ \ \ \ \
( ( )\___ | '_ | '_| | '_ \/ _` | \ \ \ \
 \\/  ___)| |_)| | | | | || (_| |  ) ) ) )
  '  |____| .__|_| |_|_| |_\__, | / / / /
 =========|_|==============|___/=/_/_/_/

 :: Spring Boot ::               (v3.5.16)

2026-10-10T14:30:19.169+07:00  INFO 127464 --- [multigame] [           main] vn.edu.multigame.MultigameApplication    : Starting MultigameApplication v0.0.1-SNAPSHOT using Java 21.0.9 with PID 127464 (D:\BTL_LTM\target\multigame-0.0.1-SNAPSHOT.jar started by CodexSandboxOffline in D:\BTL_LTM)
2026-10-10T14:30:19.172+07:00  INFO 127464 --- [multigame] [           main] vn.edu.multigame.MultigameApplication    : No active profile set, falling back to 1 default profile: "mysql"
2026-10-10T14:30:19.942+07:00  INFO 127464 --- [multigame] [           main] .s.d.r.c.RepositoryConfigurationDelegate : Bootstrapping Spring Data JPA repositories in DEFAULT mode.
2026-10-10T14:30:20.006+07:00  INFO 127464 --- [multigame] [           main] .s.d.r.c.RepositoryConfigurationDelegate : Finished Spring Data repository scanning in 58 ms. Found 13 JPA repository interfaces.
2026-10-10T14:30:28.662+07:00  INFO 127464 --- [multigame] [           main] o.s.b.w.embedded.tomcat.TomcatWebServer  : Tomcat initialized with port 8088 (http)
2026-10-10T14:30:28.674+07:00  INFO 127464 --- [multigame] [           main] o.apache.catalina.core.StandardService   : Starting service [Tomcat]
2026-10-10T14:30:28.674+07:00  INFO 127464 --- [multigame] [           main] o.apache.catalina.core.StandardEngine    : Starting Servlet engine: [Apache Tomcat/10.1.55]
2026-10-10T14:30:28.706+07:00  INFO 127464 --- [multigame] [           main] o.a.c.c.C.[Tomcat].[localhost].[/]       : Initializing Spring embedded WebApplicationContext
2026-10-10T14:30:28.708+07:00  INFO 127464 --- [multigame] [           main] w.s.c.ServletWebServerApplicationContext : Root WebApplicationContext: initialization completed in 9496 ms
2026-10-10T14:30:29.157+07:00  INFO 127464 --- [multigame] [           main] com.zaxxer.hikari.HikariDataSource       : HikariPool-1 - Starting...
2026-10-10T14:30:29.609+07:00  INFO 127464 --- [multigame] [           main] com.zaxxer.hikari.pool.HikariPool        : HikariPool-1 - Added connection com.mysql.cj.jdbc.ConnectionImpl@134c38
2026-10-10T14:30:29.612+07:00  INFO 127464 --- [multigame] [           main] com.zaxxer.hikari.HikariDataSource       : HikariPool-1 - Start completed.
2026-10-10T14:30:29.673+07:00  INFO 127464 --- [multigame] [           main] org.flywaydb.core.FlywayExecutor         : Database: jdbc:mysql://127.0.0.1:3306/quizz?connectionTimeZone=UTC&connectTimeout=3000&socketTimeout=3000 (MySQL 8.0)
2026-10-10T14:30:29.767+07:00  INFO 127464 --- [multigame] [           main] o.f.core.internal.command.DbValidate     : Successfully validated 7 migrations (execution time 00:00.070s)
2026-10-10T14:30:29.794+07:00  INFO 127464 --- [multigame] [           main] o.f.core.internal.command.DbMigrate      : Current version of schema `quizz`: 7
2026-10-10T14:30:29.802+07:00  INFO 127464 --- [multigame] [           main] o.f.core.internal.command.DbMigrate      : Schema `quizz` is up to date. No migration necessary.
2026-10-10T14:30:29.946+07:00  INFO 127464 --- [multigame] [           main] o.hibernate.jpa.internal.util.LogHelper  : HHH000204: Processing PersistenceUnitInfo [name: default]
2026-10-10T14:30:30.016+07:00  INFO 127464 --- [multigame] [           main] org.hibernate.Version                    : HHH000412: Hibernate ORM core version 6.6.53.Final
2026-10-10T14:30:30.067+07:00  INFO 127464 --- [multigame] [           main] o.h.c.internal.RegionFactoryInitiator    : HHH000026: Second-level cache disabled
2026-10-10T14:30:30.316+07:00  INFO 127464 --- [multigame] [           main] o.s.o.j.p.SpringPersistenceUnitInfo      : No LoadTimeWeaver setup: ignoring JPA class transformer
2026-10-10T14:30:30.391+07:00  INFO 127464 --- [multigame] [           main] org.hibernate.orm.connections.pooling    : HHH10001005: Database info:
	Database JDBC URL [Connecting through datasource 'HikariDataSource (HikariPool-1)']
	Database driver: undefined/unknown
	Database version: 8.0.45
	Autocommit mode: undefined/unknown
	Isolation level: undefined/unknown
	Minimum pool size: undefined/unknown
	Maximum pool size: undefined/unknown
2026-10-10T14:30:31.348+07:00  INFO 127464 --- [multigame] [           main] o.h.e.t.j.p.i.JtaPlatformInitiator       : HHH000489: No JTA platform available (set 'hibernate.transaction.jta.platform' to enable JTA platform integration)
2026-10-10T14:30:31.384+07:00  INFO 127464 --- [multigame] [           main] j.LocalContainerEntityManagerFactoryBean : Initialized JPA EntityManagerFactory for persistence unit 'default'
2026-10-10T14:30:31.724+07:00  INFO 127464 --- [multigame] [           main] o.s.d.j.r.query.QueryEnhancerFactory     : Hibernate is in classpath; If applicable, HQL parser will be used.
2026-10-10T14:30:33.420+07:00  INFO 127464 --- [multigame] [           main] r$InitializeUserDetailsManagerConfigurer : Global AuthenticationManager configured with UserDetailsService bean with name accountUserDetailsService
2026-10-10T14:30:33.513+07:00  INFO 127464 --- [multigame] [           main] o.s.b.a.w.s.WelcomePageHandlerMapping    : Adding welcome page: class path resource [static/index.html]
2026-10-10T14:30:34.167+07:00  INFO 127464 --- [multigame] [           main] o.s.b.w.embedded.tomcat.TomcatWebServer  : Tomcat started on port 8088 (http) with context path '/'
2026-10-10T14:30:34.185+07:00  INFO 127464 --- [multigame] [           main] vn.edu.multigame.MultigameApplication    : Started MultigameApplication in 15.459 seconds (process running for 15.888)
2026-10-10T14:30:54.937+07:00  INFO 127464 --- [multigame] [0.0-8088-exec-1] o.a.c.c.C.[Tomcat].[localhost].[/]       : Initializing Spring DispatcherServlet 'dispatcherServlet'
2026-10-10T14:30:54.937+07:00  INFO 127464 --- [multigame] [0.0-8088-exec-1] o.s.web.servlet.DispatcherServlet        : Initializing Servlet 'dispatcherServlet'
2026-10-10T14:30:54.939+07:00  INFO 127464 --- [multigame] [0.0-8088-exec-1] o.s.web.servlet.DispatcherServlet        : Completed initialization in 2 ms
